../Drivers/STM32F4xx_HAL_Driver/Inc/stm32f4xx_ll_tim.h:1116:22:LL_TIM_EnableCounter	16	static
../Drivers/STM32F4xx_HAL_Driver/Inc/stm32f4xx_ll_tim.h:1296:22:LL_TIM_EnableARRPreload	16	static
../Drivers/STM32F4xx_HAL_Driver/Inc/stm32f4xx_ll_tim.h:1612:22:LL_TIM_CC_EnableChannel	16	static
../Drivers/STM32F4xx_HAL_Driver/Inc/stm32f4xx_ll_tim.h:1903:22:LL_TIM_OC_EnableFast	24	static
../Drivers/STM32F4xx_HAL_Driver/Inc/stm32f4xx_ll_tim.h:1969:22:LL_TIM_OC_EnablePreload	24	static
../Drivers/STM32F4xx_HAL_Driver/Inc/stm32f4xx_ll_tim.h:2694:22:LL_TIM_SetClockSource	16	static
../Drivers/STM32F4xx_HAL_Driver/Inc/stm32f4xx_ll_tim.h:2740:22:LL_TIM_SetTriggerOutput	16	static
../Drivers/STM32F4xx_HAL_Driver/Inc/stm32f4xx_ll_tim.h:2806:22:LL_TIM_DisableMasterSlaveMode	16	static
../Drivers/STM32F4xx_HAL_Driver/Inc/stm32f4xx_ll_bus.h:409:22:LL_AHB1_GRP1_EnableClock	24	static
../Drivers/STM32F4xx_HAL_Driver/Inc/stm32f4xx_ll_bus.h:1185:22:LL_APB1_GRP1_EnableClock	24	static
../Core/Src/main.c:81:5:main	16	static
../Core/Src/main.c:206:6:SystemClock_Config	88	static
../Core/Src/main.c:253:13:MX_I2C1_Init	8	static
../Core/Src/main.c:287:13:MX_TIM2_Init	48	static
../Core/Src/main.c:336:13:MX_TIM5_Init	88	static
../Core/Src/main.c:405:13:MX_USART1_UART_Init	8	static
../Core/Src/main.c:436:13:MX_DMA_Init	16	static
../Core/Src/main.c:454:13:MX_GPIO_Init	40	static
../Core/Src/main.c:499:6:Error_Handler	4	static,ignoring_inline_asm
